// Jest Snapshot v1, https://goo.gl/fbAQLP

exports[`The BMI result chart component Renders with the expected content 1`] = `
<div>
  <div
    aria-hidden="true"
    class="nhsuk-bmi-graph"
  >
    <div
      class="nhsuk-bmi-axis-marker"
      style="left: 4.444444444444445%;"
    >
      <div
        class="nhsuk-bmi-axis-marker-label"
      >
        18.5
      </div>
    </div>
    <div
      class="nhsuk-bmi-axis-marker"
      style="left: 33.33333333333333%;"
    >
      <div
        class="nhsuk-bmi-axis-marker-label"
      >
        25
      </div>
    </div>
    <div
      class="nhsuk-bmi-axis-marker"
      style="left: 55.55555555555556%;"
    >
      <div
        class="nhsuk-bmi-axis-marker-label"
      >
        30
      </div>
    </div>
    <div
      class="nhsuk-bmi-chart-marker"
      style="left: 0%;"
    >
      <svg
        fill="none"
        viewBox="1 1 16 16"
        xmlns="http://www.w3.org/2000/svg"
      >
        <g
          clip-path="url(#clip0_1346_102759)"
        >
          <path
            d="M1.93209 4.05025L1.57854 4.40381L1.93209 4.75736L6.17473 9L1.93209 13.2426L1.57854 13.5962L1.93209 13.9497L4.05341 16.0711L4.40697 16.4246L4.76052 16.0711L9.00316 11.8284L13.2458 16.0711L13.5994 16.4246L13.9529 16.0711L16.0742 13.9497L16.4278 13.5962L16.0742 13.2426L11.8316 9L16.0742 4.75736L16.4278 4.40381L16.0742 4.05025L13.9529 1.92893L13.5994 1.57538L13.2458 1.92893L9.00316 6.17157L4.76052 1.92893L4.40697 1.57538L4.05341 1.92893L1.93209 4.05025Z"
            fill="black"
            stroke="white"
            xmlns="http://www.w3.org/2000/svg"
          />
        </g>
      </svg>
    </div>
    <div
      class="nhsuk-bmi-classification-underweight"
      style="width: 4.444444444444445%;"
    />
    <div
      class="nhsuk-bmi-classification-healthy"
      style="width: 33.33333333333333%;"
    />
    <div
      class="nhsuk-bmi-classification-overweight"
      style="width: 55.55555555555556%;"
    />
    <div
      class="nhsuk-bmi-classification-obese"
      style="width: 100%;"
    />
  </div>
</div>
`;
