// Jest Snapshot v1, https://goo.gl/fbAQLP

exports[`The Child body mass index chart figure component Renders with the expected content 1`] = `
<div>
  <figure
    class="nhsuk-u-margin-0"
  >
    <figcaption
      class="nhsuk-u-visually-hidden"
    >
      Child body mass index figure description
    </figcaption>
    <div
      aria-hidden="true"
      class="nhsuk-cbmi-graph nhsuk-u-margin-bottom-9 "
    >
      <div
        class="nhsuk-cbmi-axis-marker"
        style="left: 8%;"
      >
        <div
          class="nhsuk-font-size-16 nhsuk-cbmi-axis-marker-label"
        >
          2
        </div>
      </div>
      <div
        class="nhsuk-cbmi-axis-marker"
        style="left: 80%;"
      >
        <div
          class="nhsuk-font-size-16 nhsuk-cbmi-axis-marker-label"
        >
          91
        </div>
      </div>
      <div>
        <div
          class="nhsuk-cbmi-chart-arrow-marker"
          style="left: 4%;"
        >
          <div
            class="nhsuk-cbmi-chart-label-marker"
          >
            <div
              class="nhsuk-u-font-size-19 nhsuk-cbmi-chart-label-align-left"
            >
              <span
                class="nhsuk-cbmi-chart-centile-marker"
              >
                Below 2
              </span>
            </div>
          </div>
          <svg
            fill="none"
            viewBox="0 0 12 12"
            xmlns="http://www.w3.org/2000/svg"
          >
            <path
              d="M6 9L0.803849 -9.78799e-07L11.1962 -7.02746e-08L6 9Z"
              fill="black"
            />
          </svg>
        </div>
        <div
          class="nhsuk-cbmi-chart-axis-marker"
          style="left: 4%;"
        />
      </div>
      <div
        class="nhsuk-cbmi-classification-underweight"
        style="width: 8%;"
      />
      <div
        class="nhsuk-cbmi-classification-healthy"
        style="width: 80%;"
      />
      <div
        class="nhsuk-cbmi-classification-overweight"
        style="width: 100%;"
      />
    </div>
    <div
      aria-hidden="true"
    >
      <div
        class="nhsuk-u-margin-top-6 nhsuk-u-margin-bottom-3 nhsuk-u-secondary-text-color nhsuk-body-s"
      >
        <div
          class="nhsuk-chart-legend-key-wrapper nhsuk-cbmi-legend-marker"
        >
          <div
            class="nhsuk-chart-legend-key nhsuk-cbmi-legend-key-classification-underweight"
          />
          Underweight range
        </div>
        <div
          class="nhsuk-chart-legend-key-wrapper nhsuk-cbmi-legend-marker"
        >
          <div
            class="nhsuk-chart-legend-key nhsuk-cbmi-legend-key-classification-healthy"
          />
          Healthy range
        </div>
        <div
          class="nhsuk-chart-legend-key-wrapper nhsuk-cbmi-legend-marker"
        >
          <div
            class="nhsuk-chart-legend-key nhsuk-cbmi-legend-key-classification-overweight"
          />
          Overweight range
        </div>
      </div>
    </div>
  </figure>
</div>
`;
